
running 1 test
error: Undefined Behavior: write access through <985908>(unprotected) at alloc70181[0x10] is forbidden
    --> /workspaces/bsan-bun/native/src/zlib/deflate_p.h:164:20
     |
 164 | strm->avail_in -= len;
     |                ^
     = help: the accessed tag <985908>(unprotected) is foreign to the protected tag <986033>(StrongProtector) (i.e., it is not a child)
     = help: this foreign write access would cause the protected tag <986033>(StrongProtector) (currently Reserved (conflicted)) to become Disabled
     = help: protected tags must never be Disabled
help: the accessed tag <985908>(unprotected) was created here
    --> deavyicf5x53yeapc9zdaop5v:0:0
help: the protected tag <986033>(StrongProtector) was created here, in the initial state Reserved
 --> 0x557f932ce16c
help: the protected tag <986033>(StrongProtector) later transitioned to Reserved (conflicted) due to a foreign read access at offsets [0x10..0x14]
    --> /workspaces/bsan-bun/native/src/zlib/deflate.c:1203:22
     |
1203 | if (s->strm->avail_in == 0)
     |              ^
     = help: this transition corresponds to a temporary loss of write permissions until function exit

stack backtrace:
0: read_buf
      at /workspaces/bsan-bun/native/src/zlib/deflate_p.h:164:20
1: deflate_medium
      at /workspaces/bsan-bun/native/src/zlib/deflate_medium.c:182:20
2: deflate
      at /workspaces/bsan-bun/native/src/zlib/deflate.c:977:18
3: <bun_zlib::ZlibCompressorArrayList>::read_all::{closure#0}
      at /workspaces/bun/src/zlib/lib.rs:824:35
4: <bun_zlib::ZlibCompressorArrayList>::read_all
      at <null>
5: bsan_drivers::bun_sync_apis_roundtrip
      at 0a9usoxg1qqrl3pjfu7p9uxm6
6: bsan_drivers::bun_sync_apis_roundtrip::{closure#0}
      at 6zxtjszaudrcrye14rec9n4p8
7: <bsan_drivers::bun_sync_apis_roundtrip::{closure#0} as core::ops::function::FnOnce<()>>::call_once
      at 5gck8xb3jc1ecst9nvb4as0lt
8: <fn() -> core::result::Result<(), alloc::string::String> as core::ops::function::FnOnce<()>>::call_once
      at test.72459290db8ea2c9-cgu.00
9: test::__rust_begin_short_backtrace::<core::result::Result<(), alloc::string::String>, fn() -> core::result::Result<(), alloc::string::String>>
      at test.72459290db8ea2c9-cgu.00
10: <test::types::RunnableTest>::run
      at test.72459290db8ea2c9-cgu.04
11: test::run_test_in_process::{closure#0}
      at test.72459290db8ea2c9-cgu.14

note: stack trace was truncated after 12 frames; set stacktrace_max_len (e.g. BSAN_OPTIONS=stacktrace_max_len=32) to capture more.
