error: Undefined Behavior: write access through <486>(StrongProtector) at alloc68[0x0] is forbidden
    --> /workspaces/bsan-bun/repro/ast-alloc-reborrow/src/main.rs:117:5
     |
 117 | *e = current;
     | ^
     = help: the accessed tag <486>(StrongProtector) has state Reserved (conflicted) which forbids this child write access
help: the accessed tag <486>(StrongProtector) was created here, in the initial state Reserved
    --> /workspaces/bsan-bun/repro/ast-alloc-reborrow/src/main.rs:113:0
     |
 113 | fn e_binary(e: &mut Expr) {
     | ^
help: the accessed tag <486>(StrongProtector) later transitioned to Reserved (conflicted) due to a reborrow (acting as a foreign read access) at offsets [0x0..0x4008]
    --> /home/user/aces-test/home/.rustup/toolchains/bsan/lib/rustlib/src/rust/library/alloc/src/boxed.rs:2299:9
     |
2299 | self
     | ^
     = help: this transition corresponds to a temporary loss of write permissions until function exit

stack backtrace:
0: ast_alloc_reborrow::e_binary
      at /workspaces/bsan-bun/repro/ast-alloc-reborrow/src/main.rs:117:5
1: ast_alloc_reborrow::main
      at /workspaces/bsan-bun/repro/ast-alloc-reborrow/src/main.rs:126:9
2: <fn() as core::ops::function::FnOnce<()>>::call_once
      at /home/user/aces-test/home/.rustup/toolchains/bsan/lib/rustlib/src/rust/library/core/src/ops/function.rs:250:5
3: std::sys::backtrace::__rust_begin_short_backtrace::<fn(), ()>
      at /home/user/aces-test/home/.rustup/toolchains/bsan/lib/rustlib/src/rust/library/std/src/sys/backtrace.rs:166:18
4: std::rt::lang_start::<()>::{closure#0}
      at /home/user/aces-test/home/.rustup/toolchains/bsan/lib/rustlib/src/rust/library/std/src/rt.rs:206:18
5: <&dyn core::ops::function::Fn<(), Output = i32> + core::panic::unwind_safe::RefUnwindSafe + core::marker::Sync as core::ops::function::FnOnce<()>>::call_once
      at /home/user/aces-test/home/.rustup/toolchains/bsan/lib/rustlib/src/rust/library/core/src/ops/function.rs
6: std::panicking::catch_unwind::do_call::<&dyn core::ops::function::Fn<(), Output = i32> + core::panic::unwind_safe::RefUnwindSafe + core::marker::Sync, i32>
      at /home/user/aces-test/home/.rustup/toolchains/bsan/lib/rustlib/src/rust/library/std/src/panicking.rs
7: std::panicking::catch_unwind::<i32, &dyn core::ops::function::Fn<(), Output = i32> + core::panic::unwind_safe::RefUnwindSafe + core::marker::Sync>
      at /home/user/aces-test/home/.rustup/toolchains/bsan/lib/rustlib/src/rust/library/std/src/panicking.rs
8: std::panic::catch_unwind::<&dyn core::ops::function::Fn<(), Output = i32> + core::panic::unwind_safe::RefUnwindSafe + core::marker::Sync, i32>
      at /home/user/aces-test/home/.rustup/toolchains/bsan/lib/rustlib/src/rust/library/std/src/panic.rs
9: std::rt::lang_start_internal::{closure#0}
      at /home/user/aces-test/home/.rustup/toolchains/bsan/lib/rustlib/src/rust/library/std/src/rt.rs:175:24

note: stack trace was truncated after 10 frames; set stacktrace_max_len (e.g. BSAN_OPTIONS=stacktrace_max_len=32) to capture more.
