error: Undefined Behavior: reborrow through <364>(unprotected) at alloc76[0x0] is forbidden
    --> /workspaces/bsan-bun/repro/ast-store-current/src/main.rs:65:35
     |
  65 | let head = store.head.as_deref_mut().expect("head is Some — checked above");
     |                       ^
     = note: the above line calls library code, where the error was detected:
    --> /home/user/aces-test/home/.rustup/toolchains/bsan/lib/rustlib/src/rust/library/alloc/src/boxed.rs:2299:9
     |
2299 | self
     | ^
     = help: the accessed tag <364>(unprotected) has state Disabled which forbids this reborrow (acting as a child read access)
help: the accessed tag <364>(unprotected) was created here, in the initial state Reserved
    --> /workspaces/bsan-bun/repro/ast-store-current/src/main.rs:0:9
help: the accessed tag <364>(unprotected) later transitioned to Disabled due to a foreign write access at offsets [0x0..0x20]
    --> /home/user/aces-test/home/.rustup/toolchains/bsan/lib/rustlib/src/rust/library/core/src/ptr/mod.rs:1966:41
     |
1966 | intrinsics::write_via_move(dst, src)
     |                                 ^
     = help: this transition corresponds to a loss of read and write permissions

stack backtrace:
0: <alloc::boxed::Box<ast_store_current::Block> as core::ops::deref::DerefMut>::deref_mut
      at /home/user/aces-test/home/.rustup/toolchains/bsan/lib/rustlib/src/rust/library/alloc/src/boxed.rs:2299:9
1: <<alloc::boxed::Box<ast_store_current::Block> as core::ops::deref::DerefMut>::deref_mut as core::ops::function::FnOnce<(&mut alloc::boxed::Box<ast_store_current::Block>,)>>::call_once
      at /home/user/aces-test/home/.rustup/toolchains/bsan/lib/rustlib/src/rust/library/core/src/ops/function.rs:250:5
2: <core::option::Option<&mut alloc::boxed::Box<ast_store_current::Block>>>::map::<&mut ast_store_current::Block, <alloc::boxed::Box<ast_store_current::Block> as core::ops::deref::DerefMut>::deref_mut>
      at /home/user/aces-test/home/.rustup/toolchains/bsan/lib/rustlib/src/rust/library/core/src/option.rs:1165:29
3: <core::option::Option<alloc::boxed::Box<ast_store_current::Block>>>::as_deref_mut
      at /home/user/aces-test/home/.rustup/toolchains/bsan/lib/rustlib/src/rust/library/core/src/option.rs:1416:23
4: <ast_store_current::Store>::reset
      at /workspaces/bsan-bun/repro/ast-store-current/src/main.rs:65:35
5: ast_store_current::main
      at /workspaces/bsan-bun/repro/ast-store-current/src/main.rs:92:5
6: <fn() as core::ops::function::FnOnce<()>>::call_once
      at /home/user/aces-test/home/.rustup/toolchains/bsan/lib/rustlib/src/rust/library/core/src/ops/function.rs:250:5
7: std::sys::backtrace::__rust_begin_short_backtrace::<fn(), ()>
      at /home/user/aces-test/home/.rustup/toolchains/bsan/lib/rustlib/src/rust/library/std/src/sys/backtrace.rs:166:18
8: std::rt::lang_start::<()>::{closure#0}
      at /home/user/aces-test/home/.rustup/toolchains/bsan/lib/rustlib/src/rust/library/std/src/rt.rs:206:18
9: <&dyn core::ops::function::Fn<(), Output = i32> + core::panic::unwind_safe::RefUnwindSafe + core::marker::Sync as core::ops::function::FnOnce<()>>::call_once
      at /home/user/aces-test/home/.rustup/toolchains/bsan/lib/rustlib/src/rust/library/core/src/ops/function.rs

note: stack trace was truncated after 10 frames; set stacktrace_max_len (e.g. BSAN_OPTIONS=stacktrace_max_len=32) to capture more.
