   Compiling bun_alloc v0.0.0 (/workspaces/bun/src/bun_alloc)
   Compiling bun_core v0.0.0 (/workspaces/bun/src/bun_core)
   Compiling bun_ptr v0.0.0 (/workspaces/bun/src/ptr)
   Compiling bun_collections v0.0.0 (/workspaces/bun/src/collections)
   Compiling bun_zlib_sys v0.0.0 (/workspaces/bun/src/zlib_sys)
   Compiling bun_zlib v0.0.0 (/workspaces/bun/src/zlib)
    Finished `test` profile [unoptimized + debuginfo] target(s) in 2.71s
     Running tests/bsan_repro.rs (target/bsan/x86_64-unknown-linux-gnu/debug/build/bun_zlib/8b745d169b1b9b34/out/bsan_repro-8b745d169b1b9b34)

running 1 test
error: Undefined Behavior: read access through <156415>(unprotected) at alloc29642[0x8] is forbidden
    --> /workspaces/bsan-bun/native/src/zlib/deflate.c:1203:22
     |
1203 | if (s->strm->avail_in == 0)
     |              ^
     = help: the accessed tag <156415>(unprotected) is foreign to the protected tag <156460>(StrongProtector) (i.e., it is not a child)
     = help: this foreign read access would cause the protected tag <156460>(StrongProtector) (currently Unique) to become Disabled
     = help: protected tags must never be Disabled
help: the accessed tag <156415>(unprotected) was created here
 --> 0x562b8f387d01
help: the protected tag <156460>(StrongProtector) was created here, in the initial state Reserved
    --> deavyicf5x53yeapc9zdaop5v:0:0
help: the protected tag <156460>(StrongProtector) later transitioned to Unique due to a child write access at offsets [0x8..0xc]
    --> deavyicf5x53yeapc9zdaop5v:0:0
     = help: this transition corresponds to the first write to a 2-phase borrowed mutable reference

stack backtrace:
0: fill_window
      at /workspaces/bsan-bun/native/src/zlib/deflate.c:1203:22
1: deflate_medium
      at /workspaces/bsan-bun/native/src/zlib/deflate_medium.c:182:20
2: deflate
      at /workspaces/bsan-bun/native/src/zlib/deflate.c:977:18

note: stack trace was truncated after 3 frames; set stacktrace_max_len (e.g. BSAN_OPTIONS=stacktrace_max_len=32) to capture more.
error: test failed, to rerun pass `-p bun_zlib --test bsan_repro`

Caused by:
  process didn't exit successfully: `/workspaces/bun/target/bsan/x86_64-unknown-linux-gnu/debug/build/bun_zlib/8b745d169b1b9b34/out/bsan_repro-8b745d169b1b9b34` (exit status: 1)
note: test exited abnormally; to see the full output pass --no-capture to the harness.
