
running 1 test
error: Undefined Behavior: write access through <182536>(StrongProtector) at alloc31053[0x10] is forbidden
 --> alpl9wkvu5rr95mqm3cnu3ukq:0:0
  = help: the accessed tag <182536>(StrongProtector) is a child of the conflicting tag <168381>(unprotected)
  = help: the conflicting tag <168381>(unprotected) has state Frozen which forbids this child write access
help: the accessed tag <182536>(StrongProtector) was created here
 --> alpl9wkvu5rr95mqm3cnu3ukq:0:0
help: the conflicting tag <168381>(unprotected) was created here, in the initial state Reserved
 --> 1hteh488f3bz1npepn268py6o:0:0
help: the conflicting tag <168381>(unprotected) later transitioned to Unique due to a child write access at offsets [0x10..0x14]
 --> 1hteh488f3bz1npepn268py6o:0:0
  = help: this transition corresponds to the first write to a 2-phase borrowed mutable reference
help: the conflicting tag <168381>(unprotected) later transitioned to Frozen due to a reborrow (acting as a foreign read access) at offsets [0x10..0x410]
 --> 8fwt5dpqclzhmhys6rxzz663r:0:0
  = help: this transition corresponds to a loss of write permissions

stack backtrace:
0: 0x555d59da602c
1: 0x555d59d69ba9
2: 0x555d59d696ae

warning: Symbolizer not found. Please add llvm-symbolizer to your PATH or set BSAN_SYMBOLIZER for source code info (recommended).

note: stack trace was truncated after 3 frames; set stacktrace_max_len (e.g. BSAN_OPTIONS=stacktrace_max_len=32) to capture more.
