
running 1 test
test bss_list_entry_store ... error: Undefined Behavior: write access through <339465>(StrongProtector) at alloc25452[0x20] is forbidden
 --> bs13a39a5ve5fgf32phmjtswt:0:0
  = help: the accessed tag <339465>(StrongProtector) is a child of the conflicting tag <182717>(unprotected)
  = help: the conflicting tag <182717>(unprotected) has state Frozen which forbids this child write access
help: the accessed tag <339465>(StrongProtector) was created here
 --> bs13a39a5ve5fgf32phmjtswt:0:0
help: the conflicting tag <182717>(unprotected) was created here, in the initial state Reserved
 --> 6ddzimbcr9niawhjl0vkp943o:0:0
help: the conflicting tag <182717>(unprotected) later transitioned to Unique due to a child write access at offsets [0x10..0x28]
 --> 6ddzimbcr9niawhjl0vkp943o:0:0
  = help: this transition corresponds to the first write to a 2-phase borrowed mutable reference
help: the conflicting tag <182717>(unprotected) later transitioned to Frozen due to a reborrow (acting as a foreign read access) at offsets [0x10..0x1810]
 --> dkkfioarn8skeut7qxuih7muc:0:0
  = help: this transition corresponds to a loss of write permissions

stack backtrace:
0: core::mem::replace::<u32>
      at bs13a39a5ve5fgf32phmjtswt
1: <core::cell::Cell<u32>>::replace
      at akod62v9agshylp90fjdhj9di
2: <core::cell::Cell<u32>>::set
      at akod62v9agshylp90fjdhj9di
3: bsan_drivers::bss_list_entry_store
      at /workspaces/bun/src/bun_alloc/tests/bsan_drivers.rs:1050:17
4: bsan_drivers::bss_list_entry_store::{closure#0}
      at aq36hckwksqmsblwcomb4p2qm
5: decltype(Zero((hwy::N_SSE2::Simd<unsigned char, 8ul, -1>)())) hwy::N_SSE2::BitCast<hwy::N_SSE2::Simd<unsigned char, 8ul, -1>, unsigned char, (void*)0>(hwy::N_SSE2::Simd<unsigned char, 8ul, -1>, hwy::N_SSE2::Vec128<unsigned char, ((hwy::N_SSE2::Simd<unsigned char, 8ul, -1>::Repartition<unsigned char>)()).MaxLanes()>)
      at <null>
6: <fn() -> core::result::Result<(), alloc::string::String> as core::ops::function::FnOnce<()>>::call_once
      at /home/user/aces-test/home/.rustup/toolchains/bsan/lib/rustlib/src/rust/library/core/src/ops/function.rs:250:5
7: test::__rust_begin_short_backtrace::<core::result::Result<(), alloc::string::String>, fn() -> core::result::Result<(), alloc::string::String>>
      at /home/user/aces-test/home/.rustup/toolchains/bsan/lib/rustlib/src/rust/library/test/src/lib.rs
8: <test::types::RunnableTest>::run
      at /home/user/aces-test/home/.rustup/toolchains/bsan/lib/rustlib/src/rust/library/test/src/types.rs:147:40
9: test::run_test_in_process::{closure#0}
      at /home/user/aces-test/home/.rustup/toolchains/bsan/lib/rustlib/src/rust/library/test/src/lib.rs:724:74
10: <core::panic::unwind_safe::AssertUnwindSafe<test::run_test_in_process::{closure#0}> as core::ops::function::FnOnce<()>>::call_once
      at /home/user/aces-test/home/.rustup/toolchains/bsan/lib/rustlib/src/rust/library/core/src/panic/unwind_safe.rs:276:6
11: std::panicking::catch_unwind::do_call::<core::panic::unwind_safe::AssertUnwindSafe<test::run_test_in_process::{closure#0}>, core::result::Result<(), alloc::string::String>>
      at /home/user/aces-test/home/.rustup/toolchains/bsan/lib/rustlib/src/rust/library/std/src/panicking.rs
12: std::panicking::catch_unwind::<core::result::Result<(), alloc::string::String>, core::panic::unwind_safe::AssertUnwindSafe<test::run_test_in_process::{closure#0}>>
      at /home/user/aces-test/home/.rustup/toolchains/bsan/lib/rustlib/src/rust/library/std/src/panicking.rs:544:16
13: std::panic::catch_unwind::<core::panic::unwind_safe::AssertUnwindSafe<test::run_test_in_process::{closure#0}>, core::result::Result<(), alloc::string::String>>
      at /home/user/aces-test/home/.rustup/toolchains/bsan/lib/rustlib/src/rust/library/std/src/panic.rs:359:14
14: test::run_test_in_process
      at /home/user/aces-test/home/.rustup/toolchains/bsan/lib/rustlib/src/rust/library/test/src/lib.rs:724:27
15: test::run_test::{closure#0}
      at /home/user/aces-test/home/.rustup/toolchains/bsan/lib/rustlib/src/rust/library/test/src/lib.rs:645:43
16: test::run_test::{closure#1}
      at /home/user/aces-test/home/.rustup/toolchains/bsan/lib/rustlib/src/rust/library/test/src/lib.rs:675:82
17: std::sys::backtrace::__rust_begin_short_backtrace::<test::run_test::{closure#1}, ()>
      at /home/user/aces-test/home/.rustup/toolchains/bsan/lib/rustlib/src/rust/library/std/src/sys/backtrace.rs:169:5
18: std::thread::lifecycle::spawn_unchecked::<test::run_test::{closure#1}, ()>::{closure#1}::{closure#0}
      at /home/user/aces-test/home/.rustup/toolchains/bsan/lib/rustlib/src/rust/library/std/src/thread/lifecycle.rs:70:13
19: <core::panic::unwind_safe::AssertUnwindSafe<std::thread::lifecycle::spawn_unchecked<test::run_test::{closure#1}, ()>::{closure#1}::{closure#0}> as core::ops::function::FnOnce<()>>::call_once
      at /home/user/aces-test/home/.rustup/toolchains/bsan/lib/rustlib/src/rust/library/core/src/panic/unwind_safe.rs
20: std::panicking::catch_unwind::do_call::<core::panic::unwind_safe::AssertUnwindSafe<std::thread::lifecycle::spawn_unchecked<test::run_test::{closure#1}, ()>::{closure#1}::{closure#0}>, ()>
      at /home/user/aces-test/home/.rustup/toolchains/bsan/lib/rustlib/src/rust/library/std/src/panicking.rs:575:6
21: std::panicking::catch_unwind::<(), core::panic::unwind_safe::AssertUnwindSafe<std::thread::lifecycle::spawn_unchecked<test::run_test::{closure#1}, ()>::{closure#1}::{closure#0}>>
      at /home/user/aces-test/home/.rustup/toolchains/bsan/lib/rustlib/src/rust/library/std/src/panicking.rs
22: std::panic::catch_unwind::<core::panic::unwind_safe::AssertUnwindSafe<std::thread::lifecycle::spawn_unchecked<test::run_test::{closure#1}, ()>::{closure#1}::{closure#0}>, ()>
      at /home/user/aces-test/home/.rustup/toolchains/bsan/lib/rustlib/src/rust/library/std/src/panic.rs:359:14
23: std::thread::lifecycle::spawn_unchecked::<test::run_test::{closure#1}, ()>::{closure#1}
      at /home/user/aces-test/home/.rustup/toolchains/bsan/lib/rustlib/src/rust/library/std/src/thread/lifecycle.rs:68:26
24: <std::thread::lifecycle::spawn_unchecked<test::run_test::{closure#1}, ()>::{closure#1} as core::ops::function::FnOnce<()>>::call_once::{shim:vtable#0}
      at /home/user/aces-test/home/.rustup/toolchains/bsan/lib/rustlib/src/rust/library/core/src/ops/function.rs:250:5
25: <alloc::boxed::Box<dyn core::ops::function::FnOnce<(), Output = ()> + core::marker::Send> as core::ops::function::FnOnce<()>>::call_once
      at /home/user/aces-test/home/.rustup/toolchains/bsan/lib/rustlib/src/rust/library/alloc/src/boxed.rs:2314:9
26: <std::sys::thread::unix::Thread>::new::thread_start
      at /home/user/aces-test/home/.rustup/toolchains/bsan/lib/rustlib/src/rust/library/std/src/sys/thread/unix.rs:127:17
27: bsan_thread_start(void*)
      at /home/user/aces-test/home/.rustup/toolchains/bsan/compiler-rt/lib/bsan/bsan_interceptors.cpp:520:28
28: clone
      at misc/../sysdeps/unix/sysv/linux/x86_64/clone.S:102
