error: Undefined Behavior: reborrow through <297>(unprotected) (root of the allocation) at alloc65[0x18] is forbidden
   --> /workspaces/bsan-bun/repro/vm-eventloop/src/lib.rs:117:58
    |
117 | unsafe { self.virtual_machine.unwrap_unchecked().as_ref() }
    |                                                  ^
    = note: the above line calls library code, where the error was detected:
   --> /home/user/aces-test/home/.rustup/toolchains/bsan/lib/rustlib/src/rust/library/core/src/ptr/non_null.rs:454:18
    |
454 | unsafe { &*self.as_ptr().cast_const() }
    |          ^
    = help: the accessed tag <297>(unprotected) (root of the allocation) is foreign to the protected tag <299>(StrongProtector) (i.e., it is not a child)
    = help: this reborrow (acting as a foreign read access) would cause the protected tag <299>(StrongProtector) (currently Unique) to become Disabled
    = help: protected tags must never be Disabled
help: the accessed tag <297>(unprotected) was created here
   --> /home/user/aces-test/home/.rustup/toolchains/bsan/lib/rustlib/src/rust/library/std/src/sys/alloc/unix.rs:53:18
    |
 53 | unsafe { libc::calloc(layout.size(), 1) as *mut u8 }
    |          ^
help: the protected tag <299>(StrongProtector) was created here, in the initial state Reserved
   --> /workspaces/bsan-bun/repro/vm-eventloop/src/lib.rs:95:0
    |
 95 | pub fn ensure_waker(&mut self) {
    | ^
help: the protected tag <299>(StrongProtector) later transitioned to Unique due to a child write access at offsets [0x18..0x20]
   --> /workspaces/bsan-bun/repro/vm-eventloop/src/lib.rs:97:13
    |
 97 | self.uws_loop = NonNull::new(loop_get());
    | ^
    = help: this transition corresponds to the first write to a 2-phase borrowed mutable reference

stack backtrace:
0: <core::ptr::non_null::NonNull<vm_eventloop::VirtualMachine>>::as_ref
      at /home/user/aces-test/home/.rustup/toolchains/bsan/lib/rustlib/src/rust/library/core/src/ptr/non_null.rs:454:18
1: <vm_eventloop::EventLoop>::vm_ref
      at /workspaces/bsan-bun/repro/vm-eventloop/src/lib.rs:117:58
2: <vm_eventloop::EventLoop>::ensure_waker
      at /workspaces/bsan-bun/repro/vm-eventloop/src/lib.rs:102:30
3: <vm_eventloop::VirtualMachine>::init
      at /workspaces/bsan-bun/repro/vm-eventloop/src/lib.rs:61:43
4: ensure_waker::main
      at /workspaces/bsan-bun/repro/vm-eventloop/src/bin/ensure_waker.rs:3:5
5: <fn() as core::ops::function::FnOnce<()>>::call_once
      at /home/user/aces-test/home/.rustup/toolchains/bsan/lib/rustlib/src/rust/library/core/src/ops/function.rs:250:5
6: std::sys::backtrace::__rust_begin_short_backtrace::<fn(), ()>
      at /home/user/aces-test/home/.rustup/toolchains/bsan/lib/rustlib/src/rust/library/std/src/sys/backtrace.rs:166:18
7: std::rt::lang_start::<()>::{closure#0}
      at /home/user/aces-test/home/.rustup/toolchains/bsan/lib/rustlib/src/rust/library/std/src/rt.rs:206:18
8: <&dyn core::ops::function::Fn<(), Output = i32> + core::panic::unwind_safe::RefUnwindSafe + core::marker::Sync as core::ops::function::FnOnce<()>>::call_once
      at /home/user/aces-test/home/.rustup/toolchains/bsan/lib/rustlib/src/rust/library/core/src/ops/function.rs
9: std::panicking::catch_unwind::do_call::<&dyn core::ops::function::Fn<(), Output = i32> + core::panic::unwind_safe::RefUnwindSafe + core::marker::Sync, i32>
      at /home/user/aces-test/home/.rustup/toolchains/bsan/lib/rustlib/src/rust/library/std/src/panicking.rs

note: stack trace was truncated after 10 frames; set stacktrace_max_len (e.g. BSAN_OPTIONS=stacktrace_max_len=32) to capture more.
