error: Undefined Behavior: write access through <334>(StrongProtector) at alloc65[0x8] is forbidden
  --> /workspaces/bsan-bun/repro/vm-eventloop/src/lib.rs:87:9
   |
87 | self.entered_event_loop_count += 1;
   | ^
   = help: the accessed tag <334>(StrongProtector) is foreign to the protected tag <323>(StrongProtector) (i.e., it is not a child)
   = help: this foreign write access would cause the protected tag <323>(StrongProtector) (currently Reserved (conflicted)) to become Disabled
   = help: protected tags must never be Disabled
help: the accessed tag <334>(StrongProtector) was created here
  --> /workspaces/bsan-bun/repro/vm-eventloop/src/lib.rs:86:0
   |
86 | pub fn tick(&mut self) {
   | ^
help: the protected tag <323>(StrongProtector) was created here, in the initial state Reserved
  --> /workspaces/bsan-bun/repro/vm-eventloop/src/lib.rs:74:0
   |
74 | pub fn wait_for_promise(&mut self) {
   | ^
help: the protected tag <323>(StrongProtector) later transitioned to Reserved (conflicted) due to a reborrow (acting as a foreign read access) at offsets [0x8..0x20]
  --> /workspaces/bsan-bun/repro/vm-eventloop/src/lib.rs:71:18
   |
71 | unsafe { &mut *self.event_loop }
   |          ^
   = help: this transition corresponds to a temporary loss of write permissions until function exit

stack backtrace:
0: <vm_eventloop::EventLoop>::tick
      at /workspaces/bsan-bun/repro/vm-eventloop/src/lib.rs:87:9
1: <vm_eventloop::EventLoop>::wait_for_promise
      at /workspaces/bsan-bun/repro/vm-eventloop/src/lib.rs:92:14
2: <vm_eventloop::VirtualMachine>::wait_for_promise
      at /workspaces/bsan-bun/repro/vm-eventloop/src/lib.rs:75:31
3: <vm_eventloop::VirtualMachine>::load_entry_point
      at /workspaces/bsan-bun/repro/vm-eventloop/src/lib.rs:79:22
4: <vm_eventloop::Run>::start
      at /workspaces/bsan-bun/repro/vm-eventloop/src/lib.rs:131:12
5: run_start::main
      at /workspaces/bsan-bun/repro/vm-eventloop/src/bin/run_start.rs:6:41
6: <fn() as core::ops::function::FnOnce<()>>::call_once
      at /home/user/aces-test/home/.rustup/toolchains/bsan/lib/rustlib/src/rust/library/core/src/ops/function.rs:250:5
7: std::sys::backtrace::__rust_begin_short_backtrace::<fn(), ()>
      at /home/user/aces-test/home/.rustup/toolchains/bsan/lib/rustlib/src/rust/library/std/src/sys/backtrace.rs:166:18
8: std::rt::lang_start::<()>::{closure#0}
      at /home/user/aces-test/home/.rustup/toolchains/bsan/lib/rustlib/src/rust/library/std/src/rt.rs:206:18
9: <&dyn core::ops::function::Fn<(), Output = i32> + core::panic::unwind_safe::RefUnwindSafe + core::marker::Sync as core::ops::function::FnOnce<()>>::call_once
      at /home/user/aces-test/home/.rustup/toolchains/bsan/lib/rustlib/src/rust/library/core/src/ops/function.rs

note: stack trace was truncated after 10 frames; set stacktrace_max_len (e.g. BSAN_OPTIONS=stacktrace_max_len=32) to capture more.
